// Jest Snapshot v1, https://goo.gl/fbAQLP

exports[`Error should have errors for every option key 1`] = `
Array [
  Object {
    "dataPath": ".array",
    "keyword": "type",
    "message": "should be array",
    "params": Object {
      "type": "array",
    },
    "schemaPath": "#/properties/array/type",
  },
  Object {
    "dataPath": ".boolean",
    "keyword": "type",
    "message": "should be boolean",
    "params": Object {
      "type": "boolean",
    },
    "schemaPath": "#/properties/boolean/type",
  },
  Object {
    "dataPath": ".instance",
    "keyword": "instanceof",
    "message": "should pass \\"instanceof\\" keyword validation",
    "params": Object {
      "keyword": "instanceof",
    },
    "schemaPath": "#/properties/instance/instanceof",
  },
  Object {
    "dataPath": ".object.object.prop",
    "keyword": "type",
    "message": "should be boolean",
    "params": Object {
      "type": "boolean",
    },
    "schemaPath": "#/properties/object/properties/object/properties/prop/type",
  },
  Object {
    "dataPath": ".object.prop",
    "keyword": "type",
    "message": "should be boolean",
    "params": Object {
      "type": "boolean",
    },
    "schemaPath": "#/properties/object/properties/prop/type",
  },
  Object {
    "dataPath": ".string",
    "keyword": "type",
    "message": "should be string",
    "params": Object {
      "type": "string",
    },
    "schemaPath": "#/properties/string/type",
  },
  Object {
    "dataPath": ".type",
    "keyword": "typeof",
    "message": "should pass \\"typeof\\" keyword validation",
    "params": Object {
      "keyword": "typeof",
    },
    "schemaPath": "#/properties/type/typeof",
  },
]
`;

exports[`Error should throw error 1`] = `
"TestLoader

  [4mOptions Validation Error[24m

  [2moptions[22m.array               [34mshould be array[39m
  [2moptions[22m.boolean             [34mshould be boolean[39m
  [2moptions[22m.instance            [34mshould pass \\"instanceof\\" keyword validation[39m
  [2moptions[22m.object.object.prop  [34mshould be boolean[39m
  [2moptions[22m.object.prop         [34mshould be boolean[39m
  [2moptions[22m.string              [34mshould be string[39m
  [2moptions[22m.type                [34mshould pass \\"typeof\\" keyword validation[39m
"
`;
